// Jest Snapshot v1, https://goo.gl/fbAQLP

exports[`CheckBox snapshot renders correctly 1`] = `
<div>
  <input
    checked={true}
    data-testid="checkbox"
    onChange={[Function]}
    type="checkbox"
  />
  <label>
    test checkbox label
  </label>
</div>
`;
